// Jest Snapshot v1, https://goo.gl/fbAQLP

exports[`pruebas <FirstApp /> debe hacer match con el snapshot 1`] = `
<div>
  <h1
    data-testid="test-title"
  >
    Hola, soy Ever
  </h1>
  <p>
    no hay subtitulos
  </p>
  <p>
    no hay subtitulos
  </p>
  <p>
    no hay name
  </p>
</div>
`;
